[alph.network/index.html]
[backblue.gif]
[fade.gif]
[index.html]
[alph.network/img/favicon.png]
[alph.network/img/cover.png]
[alph.network/img/favicon/apple-icon-57x57.png]
[alph.network/img/favicon/apple-icon-60x60.png]
[alph.network/img/favicon/apple-icon-72x72.png]
[alph.network/img/favicon/apple-icon-76x76.png]
[alph.network/img/favicon/apple-icon-114x114.png]
[alph.network/img/favicon/apple-icon-120x120.png]
[alph.network/img/favicon/apple-icon-144x144.png]
[alph.network/img/favicon/apple-icon-152x152.png]
[alph.network/img/favicon/apple-icon-180x180.png]
[alph.network/img/favicon/android-icon-192x192.png]
[alph.network/img/favicon/favicon-32x32.png]
[alph.network/img/favicon/favicon-96x96.png]
[alph.network/img/favicon/favicon-16x16.png]
[alph.network/img/favicon/manifest.json]
[alph.network/img/favicon/ms-icon-144x144.png]
[s.ytimg.com/yts/jsbin/www-widgetapi-vflS50iB-/www-widgetapi.js]
[alph.network/css/preload.min.css]
[alph.network/css/icomoon.css]
[alph.network/css/libs.min.css]
[alph.network/css/index.min.css]
[alph.network/svg/logo.svg]
[alph.network/index-2.html]
[alph.network/docs/whitepaper-v1.3.pdf]
[alph.network/doc/whitepaper-v1.3.pdf]
[alph.network/svg/herohome1.svg]
[alph.network/transparent]
[alph.network/svg/blueshape1.svg]
[alph.network/svg/c8W4o0KV3D.json]
[alph.network/svg/Illustration-2.svg]
[alph.network/svg/fuwIhdU51r.json]
[alph.network/svg/bgshape_whiteline.svg]
[alph.network/svg/ovalwhite.svg]
[alph.network/svg/circles_white.svg]
[alph.network/svg/white_line.svg]
[alph.network/svg/solidity.svg]
[alph.network/svg/joinman.svg]
[alph.network/svg/bgshape_white.svg]
[alph.network/svg/bgshape_white2.svg]
[unpkg.com/@lottiefiles/lottie-player@latest/dist/lottie-player.2a.delayed]
[alph.network/svg/84155-ed-dot-panel.json]
[unpkg.com/@lottiefiles/lottie-player@2.0.2/dist/lottie-player.js]
[alph.network/lottie/paperplane.json]
[alph.network/js/common.min.js]
[alph.network/js/ticker.min.js]
[alph.network/js/index.min.js]
[alph.network/js/testimonials.min.js]
[alph.network/index.html]
[code.iconify.design/iconify-icon/1.0.0/iconify-icon.min.js]
[alph.network/fonts/OpenSans-Regular.woff2]
[alph.network/fonts/OpenSans-Regular.woff]
[alph.network/fonts/OpenSans-SemiBold.woff2]
[alph.network/fonts/OpenSans-SemiBold.woff]
[alph.network/fonts/OpenSans-Bold.woff2]
[alph.network/fonts/OpenSans-Bold.woff]
[alph.network/fonts/RobotoMono-SemiBold.woff2]
[alph.network/fonts/RobotoMono-SemiBold.woff]
[alph.network/fonts/RobotoMono-Bold.woff2]
[alph.network/fonts/RobotoMono-Bold.woff]
[alph.network/css/preload.min.css]
[alph.network/fonts/icomoon.woff]
[alph.network/css/icomoon.css]
[alph.network/css/libs.min.css]
[alph.network/css/index.min.css]
[alph.network/index-2.html]
[alph.network/svg/logo.svg]
[alph.network/svg/herohome1.svg]
[alph.network/transparent.html]
[alph.network/svg/blueshape1.svg]
[alph.network/svg/Illustration-2.svg]
[alph.network/svg/bgshape_whiteline.svg]
[alph.network/svg/ovalwhite.svg]
[alph.network/svg/circles_white.svg]
[alph.network/svg/white_line.svg]
[alph.network/svg/solidity.svg]
[alph.network/svg/joinman.svg]
[alph.network/svg/bgshape_white.svg]
[alph.network/svg/bgshape_white2.svg]
