[explorer.alph.network/index.html]
[explorer.alph.network/apple-touch-icon-d3a256a857ee9b16e43fa2337536506624ad.png]
[explorer.alph.network/safari-pinned-tab-adc3ba3be99be1d8d81f1aef8b24824024ad.svg]
[explorer.alph.network/browserconfig-a493ba0aa0b8ec8068d786d7248bb92c24ad.xml]
[backblue.gif]
[fade.gif]
[index.html]
[explorer.alph.network/index.html]
[explorer.alph.network/js/banner-4468d6a36981f222de3e4c756b49668e24ad.js]
[explorer.alph.network/blocks.html]
[explorer.alph.network/reorgs.html]
[explorer.alph.network/uncles.html]
[explorer.alph.network/txs.html]
[explorer.alph.network/pending-transactions.html]
[explorer.alph.network/tokens.html]
[explorer.alph.network/graphiql.html]
[explorer.alph.network/accounts.html]
[explorer.alph.network/eth-rpc-api-docs.html]
[explorer.alph.network/api-docs.html]
[explorer.alph.network/css/app-d195e3eb8d249cedec37ee6fdf86575224ad.css]
[explorer.alph.network/js/text-ad-6a3e082ed910663897466e78d7633caf24ad.js]
[explorer.alph.network/blocks.html]
[explorer.alph.network/uncles.html]
[explorer.alph.network/reorgs.html]
[explorer.alph.network/js/blocks-7da1bf8d42c471c67ab2ba4be1f53d6c24ad.js]
[explorer.alph.network/txs.html]
[explorer.alph.network/js/validated-transactions-99d74d12dc2a0131c28e20e80b7aed0a24ad.js]
[explorer.alph.network/pending-transactions.html]
[explorer.alph.network/js/pending-transactions-1526db06868a987e93cad03d16c5025d24ad.js]
[explorer.alph.network/tokens.html]
[explorer.alph.network/js/tokens-865e54967e5a4f640cb076fa18bcdb0524ad.js]
[explorer.alph.network/accounts.html]
[explorer.alph.network/js/async-listing-load-8f639dd65cc33e34cc0c146e77401cc424ad.js]
[cdn.jsdelivr.net/npm/bootstrap@3.3.7/dist/css/bootstrap.min.css]
[cdn.jsdelivr.net/npm/graphiql@0.11.10/graphiql.css]
[cdn.jsdelivr.net/npm/graphiql-workspace@1.1.4/graphiql-workspace.css]
[cdn.jsdelivr.net/npm/react@15.6.1/dist/react.min.js]
[cdn.jsdelivr.net/npm/react-dom@15.6.1/dist/react-dom.min.js]
[cdn.jsdelivr.net/npm/graphiql-workspace@1.1.4/graphiql-workspace.min.js]
[cdn.jsdelivr.net/npm/@absinthe/socket-graphiql@0.1.1/compat/umd/index.js]
[explorer.alph.network/url]
[explorer.alph.network/graphiql.html]
[explorer.alph.network/api-docs.html]
[explorer.alph.network/js/try-api-a516cf9feba5c7864130c178345f774d24ad.js]
[explorer.alph.network/eth-rpc-api-docs.html]
[explorer.alph.network/url.html]
[explorer.alph.network/css/main-page-b63145c8de665799f4c758c5b945578824ad.css]
[explorer.alph.network/css/main-page-b63145c8de665799f4c758c5b945578824ad.css]
[explorer.alph.network/js/token-transfers-toggle-cea5bbe8240b06c3ae6d9ca1e591f14524ad.js]
[explorer.alph.network/js/autocomplete-8124b4c9391f47023418be5bdf48aba224ad.js]
[explorer.alph.network/js/try-eth-api-cba515aaf96c53557b226d66c85cbd1a24ad.js]
[explorer.alph.network/js/chain-9329123bbc36aeac25b39aa020c74f0d24ad.js]
[explorer.alph.network/js/chart-loader-36eb4a71402a1236eb7a85f12b01cb9324ad.js]
[explorer.alph.network/images/icons/fontawesome/github-085f3d7cc061791dbc3091dd891324d024ad.svg]
[explorer.alph.network/images/icons/fontawesome/twitter-77c54a1c1b6059dd7d457930bc8d167124ad.svg]
[explorer.alph.network/images/icons/fontawesome/github-085f3d7cc061791dbc3091dd891324d024ad.svg]
[explorer.alph.network/images/icons/fontawesome/telegram-b3bc7d8aac69fc737afcd163f23c5dd324ad.svg]
[explorer.alph.network/images/icons/fontawesome/twitter-77c54a1c1b6059dd7d457930bc8d167124ad.svg]
[explorer.alph.network/images/icons/fontawesome/bar-chart-695c0e001e45371bc2aa623682ee28b424ad.svg]
[explorer.alph.network/images/icons/fontawesome/telegram-b3bc7d8aac69fc737afcd163f23c5dd324ad.svg]
[explorer.alph.network/images/icons/fontawesome/bar-chart-695c0e001e45371bc2aa623682ee28b424ad.svg]
[explorer.alph.network/images/favicon-32x32-7811ba7e5e6d0e899f524b3215bd476e24ad.png]
[explorer.alph.network/images/favicon-16x16-7811ba7e5e6d0e899f524b3215bd476e24ad.png]
[explorer.alph.network/images/favicon-5978ea8c78ce463b357af9ebe32452b424ad.ico]
[explorer.alph.network/images/logo_fullcolor-90a51a115f873bd352779d5bf4b0081324ad.png]
[explorer.alph.network/images/icons/fontawesome/tag-287add6175476b8324518840bd775fc424ad.svg]
[explorer.alph.network/images/icons/fontawesome/info-circle-cc526228a68f0cd74fa6c80b8924d54f24ad.svg]
[explorer.alph.network/images/icons/fontawesome/info-circle-cc526228a68f0cd74fa6c80b8924d54f24ad.svg]
[explorer.alph.network/images/icons/fontawesome/tag-287add6175476b8324518840bd775fc424ad.svg]
[explorer.alph.network/css/non-critical-361fee99855ca045610f0f1079622d5624ad.css]
[explorer.alph.network/apple-touch-icon-d3a256a857ee9b16e43fa2337536506624ad.html]
[coinzillatag.com/lib/display.js]
[explorer.alph.network/safari-pinned-tab-adc3ba3be99be1d8d81f1aef8b24824024ad.html]
[explorer.alph.network/browserconfig-a493ba0aa0b8ec8068d786d7248bb92c24ad.html]
[explorer.alph.network/blocks.html]
[explorer.alph.network/blocks.html]
[explorer.alph.network/fonts/fa-brands-400-ee91e640b5449fb98d9320c877a9866e24ad.woff2]
[explorer.alph.network/fonts/fa-brands-400-f34b6a2a94e1a01e4c21fa84dcbf666724ad.ttf]
[explorer.alph.network/fonts/fa-regular-400-82bafee9dcc7b6fb7bca7ed323f9b7ae24ad.woff2]
[explorer.alph.network/fonts/fa-regular-400-65e80529f5cfcf16a4b1161601a1616c24ad.ttf]
[explorer.alph.network/fonts/fa-solid-900-57b380d27f14f16e737bcca7e849cf7924ad.woff2]
[explorer.alph.network/fonts/fa-solid-900-57b380d27f14f16e737bcca7e849cf7924ad.woff2]
[explorer.alph.network/fonts/fa-solid-900-52afeb7a328694838c6b073ad7af24d824ad.ttf]
[explorer.alph.network/fonts/spinner-86ec94eedfbfcfb03bf2ba649302a63224ad.svg]
[explorer.alph.network/fonts/metamask-fox-c879a582a94e772b8ed27295ae83145d24ad.svg]
[explorer.alph.network/js/2191e98c58f3fc03700912b8c43da7ed-4e0a31f6d39d53f5919677ac31b1e41124ad.png]
[explorer.alph.network/js/d8c767678e95787c319e2bcb5dcf6124-2d5bed09f7e0a5b04fb9f0da0880252924ad.png]
[explorer.alph.network/js/53edca66bfd2700a204a370b22cead46-27a81da683c3824a3b18a7450071b4a424ad.png]
[explorer.alph.network/js/f6f97393007a0adb25dc834ad45955ee-ea4206d8846ac20f2c8910f7e7db725224ad.png]
[explorer.alph.network/js/f25075f30502faf59a422527e0f5f896-acfcdfa32277f2a6f2ac529f100db42424ad.png]
[explorer.alph.network/js/1167ad4e895e9cb34102422c332181fa-40c16ebbc4ebae4a56b60cb65005895224ad.png]
[explorer.alph.network/fonts/link-d4172e32b8bd33472b95aff76f53921624ad.svg]
[explorer.alph.network/fonts/github-085f3d7cc061791dbc3091dd891324d024ad.svg]
[explorer.alph.network/fonts/twitter-77c54a1c1b6059dd7d457930bc8d167124ad.svg]
[explorer.alph.network/fonts/telegram-b3bc7d8aac69fc737afcd163f23c5dd324ad.svg]
[explorer.alph.network/fonts/bar-chart-695c0e001e45371bc2aa623682ee28b424ad.svg]
[explorer.alph.network/fonts/info-circle-cc526228a68f0cd74fa6c80b8924d54f24ad.svg]
[explorer.alph.network/fonts/tag-287add6175476b8324518840bd775fc424ad.svg]
[explorer.alph.network/fonts/copy-df-5718f50f2bd8bc572f43b0744d974ce324ad.svg]
[explorer.alph.network/fonts/qr-df-dd28e420ca54a37259b05539a7fa16d924ad.svg]
[explorer.alph.network/fonts/pic_balance-ac4ea87934de00cad60ce3103a34b51724ad.svg]
[explorer.alph.network/fonts/dark_forest_logo-c6e579bfe9ab02498e73f782805065b324ad.svg]
[explorer.alph.network/fonts/planet-69a23c2745424d15450618c1d7125ae924ad.svg]
[explorer.alph.network/fonts/footer_logo-86eb4dc74f6aa2de5d7ac703fed4b0e824ad.svg]
[explorer.alph.network/fonts/balance-af342aed55efa5fba31d25412d5303b524ad.svg]
[explorer.alph.network/fonts/copy-circles-b35a9c20eab643ee2ae3abab23f34b9024ad.svg]
[explorer.alph.network/fonts/qr-circles-541f8a47c2c31c53163ec1968abbe25724ad.svg]
[explorer.alph.network/fonts/logo-eb67735211a4e149528caff8d0d8886124ad.svg]
[explorer.alph.network/css/app-d195e3eb8d249cedec37ee6fdf86575224ad.css]
[cdn.jsdelivr.net/npm/bootstrap@3.3.7/dist/css/bootstrap.min.css]
[cdn.jsdelivr.net/npm/graphiql@0.11.10/graphiql.css]
[cdn.jsdelivr.net/npm/graphiql-workspace@1.1.4/graphiql-workspace.css]
[cdn.jsdelivr.net/npm/bootstrap@3.3.7/dist/fonts/glyphicons-halflings-regular.svg]
[explorer.alph.network/url.html]
[explorer.alph.network/fonts/spinner-86ec94eedfbfcfb03bf2ba649302a63224ad.svg]
[explorer.alph.network/fonts/metamask-fox-c879a582a94e772b8ed27295ae83145d24ad.svg]
[explorer.alph.network/fonts/link-d4172e32b8bd33472b95aff76f53921624ad.svg]
[explorer.alph.network/fonts/github-085f3d7cc061791dbc3091dd891324d024ad.svg]
[explorer.alph.network/fonts/twitter-77c54a1c1b6059dd7d457930bc8d167124ad.svg]
[explorer.alph.network/fonts/telegram-b3bc7d8aac69fc737afcd163f23c5dd324ad.svg]
[explorer.alph.network/fonts/bar-chart-695c0e001e45371bc2aa623682ee28b424ad.svg]
[explorer.alph.network/fonts/info-circle-cc526228a68f0cd74fa6c80b8924d54f24ad.svg]
[explorer.alph.network/fonts/tag-287add6175476b8324518840bd775fc424ad.svg]
[explorer.alph.network/fonts/copy-df-5718f50f2bd8bc572f43b0744d974ce324ad.svg]
[explorer.alph.network/fonts/qr-df-dd28e420ca54a37259b05539a7fa16d924ad.svg]
[explorer.alph.network/fonts/pic_balance-ac4ea87934de00cad60ce3103a34b51724ad.svg]
[explorer.alph.network/fonts/dark_forest_logo-c6e579bfe9ab02498e73f782805065b324ad.svg]
[explorer.alph.network/fonts/planet-69a23c2745424d15450618c1d7125ae924ad.svg]
[explorer.alph.network/fonts/footer_logo-86eb4dc74f6aa2de5d7ac703fed4b0e824ad.svg]
[explorer.alph.network/fonts/balance-af342aed55efa5fba31d25412d5303b524ad.svg]
[explorer.alph.network/fonts/copy-circles-b35a9c20eab643ee2ae3abab23f34b9024ad.svg]
[explorer.alph.network/fonts/qr-circles-541f8a47c2c31c53163ec1968abbe25724ad.svg]
[explorer.alph.network/fonts/logo-eb67735211a4e149528caff8d0d8886124ad.svg]
[cdn.jsdelivr.net/npm/bootstrap@3.3.7/dist/fonts/glyphicons-halflings-regular.svg]
