[explorer.alph.network/index.html]
[explorer.alph.network/css/main-page-b63145c8de665799f4c758c5b945578824ad.css]
[explorer.alph.network/js/chain-9329123bbc36aeac25b39aa020c74f0d24ad.js]
[explorer.alph.network/js/chart-loader-36eb4a71402a1236eb7a85f12b01cb9324ad.js]
[explorer.alph.network/js/token-transfers-toggle-cea5bbe8240b06c3ae6d9ca1e591f14524ad.js]
[explorer.alph.network/js/autocomplete-8124b4c9391f47023418be5bdf48aba224ad.js]
[explorer.alph.network/images/icons/fontawesome/github-085f3d7cc061791dbc3091dd891324d024ad.svg]
[explorer.alph.network/images/icons/fontawesome/twitter-77c54a1c1b6059dd7d457930bc8d167124ad.svg]
[explorer.alph.network/images/icons/fontawesome/telegram-b3bc7d8aac69fc737afcd163f23c5dd324ad.svg]
[explorer.alph.network/images/icons/fontawesome/bar-chart-695c0e001e45371bc2aa623682ee28b424ad.svg]
[explorer.alph.network/images/icons/fontawesome/info-circle-cc526228a68f0cd74fa6c80b8924d54f24ad.svg]
[explorer.alph.network/images/icons/fontawesome/tag-287add6175476b8324518840bd775fc424ad.svg]
[explorer.alph.network/css/non-critical-361fee99855ca045610f0f1079622d5624ad.css]
[explorer.alph.network/apple-touch-icon-d3a256a857ee9b16e43fa2337536506624ad.png]
[explorer.alph.network/images/favicon-32x32-7811ba7e5e6d0e899f524b3215bd476e24ad.png]
[explorer.alph.network/images/favicon-16x16-7811ba7e5e6d0e899f524b3215bd476e24ad.png]
[explorer.alph.network/manifest-b9aa277fcfc34c31db6c7a7ea3469b8c24ad.webmanifest]
[explorer.alph.network/safari-pinned-tab-adc3ba3be99be1d8d81f1aef8b24824024ad.svg]
[explorer.alph.network/images/favicon-5978ea8c78ce463b357af9ebe32452b424ad.ico]
[explorer.alph.network/browserconfig-a493ba0aa0b8ec8068d786d7248bb92c24ad.xml]
[backblue.gif]
[fade.gif]
[index.html]
[explorer.alph.network/images/logo_fullcolor-90a51a115f873bd352779d5bf4b0081324ad.png]
[explorer.alph.network/blocks.html]
[explorer.alph.network/uncles.html]
[explorer.alph.network/reorgs.html]
[explorer.alph.network/txs.html]
[explorer.alph.network/pending-transactions.html]
[explorer.alph.network/tokens.html]
[explorer.alph.network/accounts.html]
[explorer.alph.network/graphiql.html]
[explorer.alph.network/api-docs.html]
[explorer.alph.network/eth-rpc-api-docs.html]
[coinzillatag.com/lib/display.js]
[explorer.alph.network/index.html]
[explorer.alph.network/manifest-b9aa277fcfc34c31db6c7a7ea3469b8c24ad.webmanifest]
